../Core/Src/main.c:85:5:main	8	static
../Core/Src/main.c:137:6:SystemClock_Config	88	static
../Core/Src/main.c:184:13:MX_ADC1_Init	56	static
../Core/Src/main.c:252:13:MX_ADC2_Init	40	static
../Core/Src/main.c:311:13:MX_ADC3_Init	56	static
../Core/Src/main.c:379:13:MX_ADC4_Init	40	static
../Core/Src/main.c:438:13:MX_FDCAN2_Init	8	static
../Core/Src/main.c:481:13:MX_I2C1_Init	8	static
../Core/Src/main.c:529:13:MX_SPI1_Init	8	static
../Core/Src/main.c:569:13:MX_USB_PCD_Init	8	static
../Core/Src/main.c:602:13:MX_GPIO_Init	48	static
../Core/Src/main.c:698:6:Error_Handler	4	static,ignoring_inline_asm
